[2026-09-05 22:38:09] 📧 [DISPARO INICIADO] Processando lead #7 (Marcelo Lima Santos - Loja Matriz SP Planejados)
[2026-09-05 22:38:09] ⚠️ Resend 403 (Sandbox de teste). Redirecionando para marcelo.lsantos@bandtec.com.br... Resposta: {"statusCode":403,"name":"validation_error","message":"You can only send testing emails to your own email address (marcelo.lsantos@bandtec.com.br). To send emails to other recipients, please verify a domain at resend.com/domains, and change the `from` address to an email using this domain."}
[2026-09-05 22:38:09] ✅ [SGM.PRO] E-mail entregue com sucesso no Resend para marcelo.lsantos@bandtec.com.br: {"id":"1cfe6d18-4d91-43a8-af81-958c4024a305"}
[2026-09-05 22:44:59] 📧 [DISPARO INICIADO] Processando lead #8 (Marcelo Santos - MARCELO SANTOS)
[2026-09-05 22:45:00] ⚠️ Resend 403 (Sandbox de teste). Redirecionando para marcelo.lsantos@bandtec.com.br... Resposta: {"statusCode":403,"name":"validation_error","message":"You can only send testing emails to your own email address (marcelo.lsantos@bandtec.com.br). To send emails to other recipients, please verify a domain at resend.com/domains, and change the `from` address to an email using this domain."}
[2026-09-05 22:45:00] ✅ [SGM.PRO] E-mail entregue com sucesso no Resend para marcelo.lsantos@bandtec.com.br: {"id":"de62ab3e-4050-422c-a648-9453b769534b"}
[2026-09-05 22:53:34] 📧 [DISPARO INICIADO] Processando lead #9 (Marcelo Santos (Cliente Teste) - Marcenaria e Planejados SP)
[2026-09-05 22:53:34] 📨 [AUTO-RESPOSTA CLIENTE] Enviando confirmação para o cliente: Marcelo Santos (Cliente Teste) (marcelolsantos30@gmail.com)
[2026-09-05 22:53:34] ⚠️ [AUTO-RESPOSTA RESEND 403] O Resend Sandbox não permite enviar para destinatários externos (marcelolsantos30@gmail.com) sem domínio verificado. Resposta: {"statusCode":403,"name":"validation_error","message":"You can only send testing emails to your own email address (marcelo.lsantos@bandtec.com.br). To send emails to other recipients, please verify a domain at resend.com/domains, and change the `from` address to an email using this domain."}
[2026-09-05 22:53:34] ⚠️ Resend 403 (Sandbox de teste). Redirecionando para marcelo.lsantos@bandtec.com.br... Resposta: {"statusCode":403,"name":"validation_error","message":"You can only send testing emails to your own email address (marcelo.lsantos@bandtec.com.br). To send emails to other recipients, please verify a domain at resend.com/domains, and change the `from` address to an email using this domain."}
[2026-09-05 22:53:35] ✅ [SGM.PRO] E-mail entregue com sucesso no Resend para marcelo.lsantos@bandtec.com.br: {"id":"3c6debae-ea72-4329-9edf-1e875414bcb7"}
[2026-09-05 22:53:37] ⚠️ [AUTO-RESPOSTA SMTP] Falha no envio via SMTP Gmail para marcelolsantos30@gmail.com: 535 5.7.8 Username and Password not accepted. For more information, go to
5.7.8  https://support.google.com/mail/?p=BadCredentials 956f58d0204a3-66fb495eccesm5265399d50.18 - gsmtp
[2026-09-05 22:53:37] ℹ️ [AUTO-RESPOSTA PENDENTE] Para enviar confirmação direta aos clientes em qualquer domínio, é necessário verificar um domínio próprio no Resend ou ativar a Senha de App no Gmail.
[2026-09-05 22:59:16] 📧 [DISPARO INICIADO] Processando lead #10 (Marcelo Santos (Cliente Final) - Planejados & Interiores Prime SP)
[2026-09-05 22:59:16] 📨 [AUTO-RESPOSTA CLIENTE] Enviando confirmação para o cliente: Marcelo Santos (Cliente Final) (marcelolsantos30@gmail.com)
[2026-09-05 22:59:16] ⚠️ Resend 403 (Sandbox de teste). Redirecionando para marcelo.lsantos@bandtec.com.br... Resposta: {"statusCode":403,"name":"validation_error","message":"You can only send testing emails to your own email address (marcelo.lsantos@bandtec.com.br). To send emails to other recipients, please verify a domain at resend.com/domains, and change the `from` address to an email using this domain."}
[2026-09-05 22:59:16] ⚠️ [AUTO-RESPOSTA RESEND 403] O Resend Sandbox não permite enviar para destinatários externos (marcelolsantos30@gmail.com) sem domínio verificado. Resposta: {"statusCode":403,"name":"validation_error","message":"You can only send testing emails to your own email address (marcelo.lsantos@bandtec.com.br). To send emails to other recipients, please verify a domain at resend.com/domains, and change the `from` address to an email using this domain."}
[2026-09-05 22:59:16] ✅ [SGM.PRO] E-mail entregue com sucesso no Resend para marcelo.lsantos@bandtec.com.br: {"id":"ce60426f-87ee-4b0d-b2ff-259c9f1d93af"}
[2026-09-05 22:59:21] ✅ [AUTO-RESPOSTA] E-mail de confirmação enviado para o cliente marcelolsantos30@gmail.com via SMTP Gmail!
[2026-09-05 22:59:22] ✅ [SGM.PRO] E-mail de lead 'Marcelo Santos (Cliente Final)' enviado com sucesso via SMTP Gmail para [marcelo.lima@telebras.com.br marcelolsantos30@gmail.com]
[2026-09-05 23:00:55] 📧 [DISPARO INICIADO] Processando lead #11 (Marcelo Santos - MARCELO SANTOS)
[2026-09-05 23:00:55] 📨 [AUTO-RESPOSTA CLIENTE] Enviando confirmação para o cliente: Marcelo Santos (marcelolsantos30@gmail.com)
[2026-09-05 23:00:55] ⚠️ [AUTO-RESPOSTA RESEND 403] O Resend Sandbox não permite enviar para destinatários externos (marcelolsantos30@gmail.com) sem domínio verificado. Resposta: {"statusCode":403,"name":"validation_error","message":"You can only send testing emails to your own email address (marcelo.lsantos@bandtec.com.br). To send emails to other recipients, please verify a domain at resend.com/domains, and change the `from` address to an email using this domain."}
[2026-09-05 23:00:55] ⚠️ Resend 403 (Sandbox de teste). Redirecionando para marcelo.lsantos@bandtec.com.br... Resposta: {"statusCode":403,"name":"validation_error","message":"You can only send testing emails to your own email address (marcelo.lsantos@bandtec.com.br). To send emails to other recipients, please verify a domain at resend.com/domains, and change the `from` address to an email using this domain."}
[2026-09-05 23:00:56] ✅ [SGM.PRO] E-mail entregue com sucesso no Resend para marcelo.lsantos@bandtec.com.br: {"id":"9a847aad-bcd3-4394-8db7-7835f469bdef"}
